     1                                  BOOT_LOAD equ 0x7c00 ; ブートプログラムのロード位置
     2                                  ORG BOOT_LOAD ; ロードアドレスをアセンブラに指示
     3                                  
     4                                  entry: ; エントリーポイント
     5 00000000 EB58                        jmp ipl ; IPLへジャンプ
     6                                  
     7                                      ; BPB(BIOS Parameter Block)
     8 00000002 90<rep 58h>                 times 90 - ($ - $$) db 0x90 ; NOPで90バイト分のBPB領域を埋める
     9                                      
    10                                  
    11                                  ipl: ; IPL(Initial Program Loader)
    12                                  
    13                                      ; セグメントレジスタを設定する
    14 0000005A FA                          cli ; 割り込みを禁止する
    15 0000005B B80000                      mov ax, 0x0000 ; AX=0x0000
    16 0000005E 8ED8                        mov ds, ax ; DS=0x0000
    17 00000060 8EC0                        mov es, ax ; ES=0x0000
    18 00000062 8ED0                        mov ss, ax ; ss=0x0000
    19 00000064 BC007C                      mov sp, BOOT_LOAD ; sp=0x7c00
    20                                  
    21 00000067 FB                          sti ; セグメントレジスタの初期化が終わったので、割り込みを許可する
    22                                  
    23 00000068 8816[7800]                  mov [BOOT.DRIVE], dl ; ブートドライブを保存
    24 0000006C B041                        mov al, 'A' ; AL = 出力文字
    25 0000006E B40E                        mov ah, 0x0E ; テレタイプ式1文字
    26 00000070 BB0200                      mov bx, 0x0002 ; ページ番号と文字色を０に設定
    27 00000073 CD10                        int 0x10 ; ビデオBIOSコール
    28                                      
    29                                      ; 処理の終了
    30 00000075 EBFE                        jmp $ ; while(1); 無限ループ
    31                                  
    32 00000077 00                      ALIGN 2, db 0
    33                                  BOOT: ; ブートドライブに関する情報
    34 00000078 0000                    .DRIVE: dw 0 ; ドライブ番号を保存する場所。(アセンブル段階では0を記入しておく)
    35                                  
    36                                  ; ブートフラグ
    37 0000007A 00<rep 184h>                times 510 - ($ - $$) db 0x00 ; 510バイト目まで0x00で埋める
    38 000001FE 55AA                        db 0x55, 0xAA ; ブートフラグ
    39                                  
    40                                  
